mode: set
github.com/takutakahashi/github-token-renewer/main.go:9.13,11.2 1 0
github.com/takutakahashi/github-token-renewer/pkg/github/app.go:19.58,20.15 1 1
github.com/takutakahashi/github-token-renewer/pkg/github/app.go:20.15,22.3 1 1
github.com/takutakahashi/github-token-renewer/pkg/github/app.go:23.2,24.16 2 1
github.com/takutakahashi/github-token-renewer/pkg/github/app.go:24.16,26.3 1 1
github.com/takutakahashi/github-token-renewer/pkg/github/app.go:27.2,27.63 1 0
github.com/takutakahashi/github-token-renewer/pkg/github/app.go:30.88,32.51 2 0
github.com/takutakahashi/github-token-renewer/pkg/github/app.go:32.51,34.17 2 0
github.com/takutakahashi/github-token-renewer/pkg/github/app.go:34.17,36.12 2 0
github.com/takutakahashi/github-token-renewer/pkg/github/app.go:38.3,38.32 1 0
github.com/takutakahashi/github-token-renewer/pkg/github/app.go:38.32,40.12 2 0
github.com/takutakahashi/github-token-renewer/pkg/github/app.go:42.3,46.17 2 0
github.com/takutakahashi/github-token-renewer/pkg/github/app.go:46.17,48.12 2 0
github.com/takutakahashi/github-token-renewer/pkg/github/app.go:50.3,51.45 2 0
github.com/takutakahashi/github-token-renewer/pkg/github/app.go:53.2,53.22 1 0
github.com/takutakahashi/github-token-renewer/pkg/github/app.go:56.103,57.26 1 1
github.com/takutakahashi/github-token-renewer/pkg/github/app.go:57.26,59.3 1 1
github.com/takutakahashi/github-token-renewer/pkg/github/app.go:60.2,60.37 1 1
github.com/takutakahashi/github-token-renewer/pkg/github/app.go:60.37,61.55 1 1
github.com/takutakahashi/github-token-renewer/pkg/github/app.go:61.55,63.4 1 1
github.com/takutakahashi/github-token-renewer/pkg/github/app.go:64.3,68.17 2 0
github.com/takutakahashi/github-token-renewer/pkg/github/app.go:68.17,70.4 1 0
github.com/takutakahashi/github-token-renewer/pkg/github/app.go:71.3,72.24 2 0
github.com/takutakahashi/github-token-renewer/pkg/github/app.go:74.2,74.35 1 1
github.com/takutakahashi/github-token-renewer/pkg/github/app.go:74.35,75.53 1 1
github.com/takutakahashi/github-token-renewer/pkg/github/app.go:75.53,77.4 1 1
github.com/takutakahashi/github-token-renewer/pkg/github/app.go:78.3,79.18 2 1
github.com/takutakahashi/github-token-renewer/pkg/github/app.go:79.18,81.4 1 1
github.com/takutakahashi/github-token-renewer/pkg/github/app.go:82.3,83.17 2 0
github.com/takutakahashi/github-token-renewer/pkg/github/app.go:83.17,85.4 1 0
github.com/takutakahashi/github-token-renewer/pkg/github/app.go:86.3,87.24 2 0
github.com/takutakahashi/github-token-renewer/pkg/github/app.go:89.2,89.33 1 1
github.com/takutakahashi/github-token-renewer/pkg/github/app.go:89.33,90.51 1 0
github.com/takutakahashi/github-token-renewer/pkg/github/app.go:90.51,92.4 1 0
github.com/takutakahashi/github-token-renewer/pkg/github/app.go:93.3,94.17 2 0
github.com/takutakahashi/github-token-renewer/pkg/github/app.go:94.17,96.4 1 0
github.com/takutakahashi/github-token-renewer/pkg/github/app.go:97.3,98.24 2 0
github.com/takutakahashi/github-token-renewer/pkg/github/app.go:101.2,101.121 1 1
github.com/takutakahashi/github-token-renewer/pkg/github/base.go:17.46,19.16 2 1
github.com/takutakahashi/github-token-renewer/pkg/github/base.go:19.16,21.3 1 1
github.com/takutakahashi/github-token-renewer/pkg/github/base.go:22.2,23.16 2 0
github.com/takutakahashi/github-token-renewer/pkg/github/base.go:23.16,25.3 1 0
github.com/takutakahashi/github-token-renewer/pkg/github/base.go:26.2,27.70 2 0
github.com/takutakahashi/github-token-renewer/pkg/github/base.go:27.70,30.3 2 0
github.com/takutakahashi/github-token-renewer/pkg/github/base.go:30.8,37.17 2 0
github.com/takutakahashi/github-token-renewer/pkg/github/base.go:37.17,39.4 1 0
github.com/takutakahashi/github-token-renewer/pkg/github/base.go:40.3,40.38 1 0
github.com/takutakahashi/github-token-renewer/pkg/config/config.go:34.38,37.16 3 1
github.com/takutakahashi/github-token-renewer/pkg/config/config.go:37.16,39.3 1 1
github.com/takutakahashi/github-token-renewer/pkg/config/config.go:40.2,40.49 1 1
github.com/takutakahashi/github-token-renewer/pkg/config/config.go:40.49,42.3 1 1
github.com/takutakahashi/github-token-renewer/pkg/config/config.go:43.2,43.17 1 1
github.com/takutakahashi/github-token-renewer/cmd/root.go:29.47,31.17 2 0
github.com/takutakahashi/github-token-renewer/cmd/root.go:31.17,34.4 2 0
github.com/takutakahashi/github-token-renewer/cmd/root.go:35.3,36.17 2 0
github.com/takutakahashi/github-token-renewer/cmd/root.go:36.17,39.4 2 0
github.com/takutakahashi/github-token-renewer/cmd/root.go:40.3,41.17 2 0
github.com/takutakahashi/github-token-renewer/cmd/root.go:41.17,44.4 2 0
github.com/takutakahashi/github-token-renewer/cmd/root.go:45.3,47.17 3 0
github.com/takutakahashi/github-token-renewer/cmd/root.go:47.17,50.4 2 0
github.com/takutakahashi/github-token-renewer/cmd/root.go:51.3,51.47 1 0
github.com/takutakahashi/github-token-renewer/cmd/root.go:51.47,52.41 1 0
github.com/takutakahashi/github-token-renewer/cmd/root.go:52.41,54.43 2 0
github.com/takutakahashi/github-token-renewer/cmd/root.go:54.43,55.14 1 0
github.com/takutakahashi/github-token-renewer/cmd/root.go:57.5,59.19 3 0
github.com/takutakahashi/github-token-renewer/cmd/root.go:59.19,61.14 2 0
github.com/takutakahashi/github-token-renewer/cmd/root.go:63.5,63.48 1 0
github.com/takutakahashi/github-token-renewer/cmd/root.go:63.48,65.14 2 0
github.com/takutakahashi/github-token-renewer/cmd/root.go:75.16,77.16 2 0
github.com/takutakahashi/github-token-renewer/cmd/root.go:77.16,79.3 1 0
github.com/takutakahashi/github-token-renewer/cmd/root.go:82.13,92.2 1 1
github.com/takutakahashi/github-token-renewer/pkg/output/kubernetes.go:20.79,22.16 2 0
github.com/takutakahashi/github-token-renewer/pkg/output/kubernetes.go:22.16,24.3 1 0
github.com/takutakahashi/github-token-renewer/pkg/output/kubernetes.go:26.2,26.52 1 0
github.com/takutakahashi/github-token-renewer/pkg/output/kubernetes.go:29.69,32.28 3 0
github.com/takutakahashi/github-token-renewer/pkg/output/kubernetes.go:32.28,41.74 3 0
github.com/takutakahashi/github-token-renewer/pkg/output/kubernetes.go:41.74,43.4 1 0
github.com/takutakahashi/github-token-renewer/pkg/output/kubernetes.go:44.3,45.13 2 0
github.com/takutakahashi/github-token-renewer/pkg/output/kubernetes.go:47.8,47.23 1 0
github.com/takutakahashi/github-token-renewer/pkg/output/kubernetes.go:47.23,49.3 1 0
github.com/takutakahashi/github-token-renewer/pkg/output/kubernetes.go:50.2,52.84 3 0
github.com/takutakahashi/github-token-renewer/pkg/output/kubernetes.go:52.84,54.3 1 0
github.com/takutakahashi/github-token-renewer/pkg/output/kubernetes.go:55.2,56.12 2 0
